This is pdfTeX, Version 3.141592653-2.6-1.40.29 (TeX Live 2026/Homebrew) (preloaded format=pdflatex 2026.3.4)  8 APR 2026 12:55
entering extended mode
 \write18 enabled.
 %&-line parsing enabled.
**Text.tex
(./Text.tex
LaTeX2e <2025-11-01>
L3 programming layer <2026-01-19>

(/opt/homebrew/Cellar/texlive/20260301/share/texmf-dist/tex/latex/base/article.
cls
Document Class: article 2025/01/22 v1.4n Standard LaTeX document class

(/opt/homebrew/Cellar/texlive/20260301/share/texmf-dist/tex/latex/base/size10.c
lo
File: size10.clo 2025/01/22 v1.4n Standard LaTeX file (size option)
)
\c@part=\count275
\c@section=\count276
\c@subsection=\count277
\c@subsubsection=\count278
\c@paragraph=\count279
\c@subparagraph=\count280
\c@figure=\count281
\c@table=\count282
\abovecaptionskip=\skip49
\belowcaptionskip=\skip50
\bibindent=\dimen148
)
(/opt/homebrew/Cellar/texlive/20260301/share/texmf-dist/tex/latex/graphics/grap
hicx.sty
Package: graphicx 2024/12/31 v1.2e Enhanced LaTeX Graphics (DPC,SPQR)

(/opt/homebrew/Cellar/texlive/20260301/share/texmf-dist/tex/latex/graphics/keyv
al.sty
Package: keyval 2022/05/29 v1.15 key=value parser (DPC)
\KV@toks@=\toks17
)
(/opt/homebrew/Cellar/texlive/20260301/share/texmf-dist/tex/latex/graphics/grap
hics.sty
Package: graphics 2024/08/06 v1.4g Standard LaTeX Graphics (DPC,SPQR)

(/opt/homebrew/Cellar/texlive/20260301/share/texmf-dist/tex/latex/graphics/trig
.sty
Package: trig 2023/12/02 v1.11 sin cos tan (DPC)
)
(/opt/homebrew/Cellar/texlive/20260301/share/texmf-dist/tex/latex/graphics-cfg/
graphics.cfg
File: graphics.cfg 2016/06/04 v1.11 sample graphics configuration
)
Package graphics Info: Driver file: pdftex.def on input line 106.

(/opt/homebrew/Cellar/texlive/20260301/share/texmf-dist/tex/latex/graphics-def/
pdftex.def
File: pdftex.def 2025/09/29 v1.2d Graphics/color driver for pdftex
))
\Gin@req@height=\dimen149
\Gin@req@width=\dimen150
)
(/opt/homebrew/Cellar/texlive/20260301/share/texmf-dist/tex/latex/amscls/amsthm
.sty
Package: amsthm 2020/05/29 v2.20.6
\thm@style=\toks18
\thm@bodyfont=\toks19
\thm@headfont=\toks20
\thm@notefont=\toks21
\thm@headpunct=\toks22
\thm@preskip=\skip51
\thm@postskip=\skip52
\thm@headsep=\skip53
\dth@everypar=\toks23
)
(/opt/homebrew/Cellar/texlive/20260301/share/texmf-dist/tex/latex/amsmath/amsma
th.sty
Package: amsmath 2025/07/09 v2.17z AMS math features
\@mathmargin=\skip54

For additional information on amsmath, use the `?' option.

(/opt/homebrew/Cellar/texlive/20260301/share/texmf-dist/tex/latex/amsmath/amste
xt.sty
Package: amstext 2024/11/17 v2.01 AMS text

(/opt/homebrew/Cellar/texlive/20260301/share/texmf-dist/tex/latex/amsmath/amsge
n.sty
File: amsgen.sty 1999/11/30 v2.0 generic functions
\@emptytoks=\toks24
\ex@=\dimen151
))
(/opt/homebrew/Cellar/texlive/20260301/share/texmf-dist/tex/latex/amsmath/amsbs
y.sty
Package: amsbsy 1999/11/29 v1.2d Bold Symbols
\pmbraise@=\dimen152
)
(/opt/homebrew/Cellar/texlive/20260301/share/texmf-dist/tex/latex/amsmath/amsop
n.sty
Package: amsopn 2022/04/08 v2.04 operator names
)
\inf@bad=\count283
LaTeX Info: Redefining \frac on input line 233.
\uproot@=\count284
\leftroot@=\count285
LaTeX Info: Redefining \overline on input line 398.
LaTeX Info: Redefining \colon on input line 409.
\classnum@=\count286
\DOTSCASE@=\count287
LaTeX Info: Redefining \ldots on input line 495.
LaTeX Info: Redefining \dots on input line 498.
LaTeX Info: Redefining \cdots on input line 619.
\Mathstrutbox@=\box53
\strutbox@=\box54
LaTeX Info: Redefining \big on input line 721.
LaTeX Info: Redefining \Big on input line 722.
LaTeX Info: Redefining \bigg on input line 723.
LaTeX Info: Redefining \Bigg on input line 724.
\big@size=\dimen153
LaTeX Font Info:    Redeclaring font encoding OML on input line 742.
LaTeX Font Info:    Redeclaring font encoding OMS on input line 743.
\macc@depth=\count288
LaTeX Info: Redefining \bmod on input line 904.
LaTeX Info: Redefining \pmod on input line 909.
LaTeX Info: Redefining \smash on input line 939.
LaTeX Info: Redefining \relbar on input line 969.
LaTeX Info: Redefining \Relbar on input line 970.
\c@MaxMatrixCols=\count289
\dotsspace@=\muskip17
\c@parentequation=\count290
\dspbrk@lvl=\count291
\tag@help=\toks25
\row@=\count292
\column@=\count293
\maxfields@=\count294
\andhelp@=\toks26
\eqnshift@=\dimen154
\alignsep@=\dimen155
\tagshift@=\dimen156
\tagwidth@=\dimen157
\totwidth@=\dimen158
\lineht@=\dimen159
\@envbody=\toks27
\multlinegap=\skip55
\multlinetaggap=\skip56
\mathdisplay@stack=\toks28
LaTeX Info: Redefining \[ on input line 2950.
LaTeX Info: Redefining \] on input line 2951.
)
(/opt/homebrew/Cellar/texlive/20260301/share/texmf-dist/tex/latex/amsfonts/amsf
onts.sty
Package: amsfonts 2013/01/14 v3.01 Basic AMSFonts support
\symAMSa=\mathgroup4
\symAMSb=\mathgroup5
LaTeX Font Info:    Redeclaring math symbol \hbar on input line 98.
LaTeX Font Info:    Overwriting math alphabet `\mathfrak' in version `bold'
(Font)                  U/euf/m/n --> U/euf/b/n on input line 106.
)
(/opt/homebrew/Cellar/texlive/20260301/share/texmf-dist/tex/latex/comment/comme
nt.sty
\CommentStream=\write3
 Excluding comment 'comment')
(/opt/homebrew/Cellar/texlive/20260301/share/texmf-dist/tex/latex/amsfonts/amss
ymb.sty
Package: amssymb 2013/01/14 v3.01 AMS font symbols
)
(/opt/homebrew/Cellar/texlive/20260301/share/texmf-dist/tex/latex/hyperref/hype
rref.sty
Package: hyperref 2026-01-29 v7.01p Hypertext links for LaTeX

(/opt/homebrew/Cellar/texlive/20260301/share/texmf-dist/tex/generic/iftex/iftex
.sty
Package: iftex 2024/12/12 v1.0g TeX engine tests
)
(/opt/homebrew/Cellar/texlive/20260301/share/texmf-dist/tex/latex/kvsetkeys/kvs
etkeys.sty
Package: kvsetkeys 2022-10-05 v1.19 Key value parser (HO)
)
(/opt/homebrew/Cellar/texlive/20260301/share/texmf-dist/tex/generic/kvdefinekey
s/kvdefinekeys.sty
Package: kvdefinekeys 2019-12-19 v1.6 Define keys (HO)
)
(/opt/homebrew/Cellar/texlive/20260301/share/texmf-dist/tex/generic/pdfescape/p
dfescape.sty
Package: pdfescape 2019/12/09 v1.15 Implements pdfTeX's escape features (HO)

(/opt/homebrew/Cellar/texlive/20260301/share/texmf-dist/tex/generic/ltxcmds/ltx
cmds.sty
Package: ltxcmds 2023-12-04 v1.26 LaTeX kernel commands for general use (HO)
)
(/opt/homebrew/Cellar/texlive/20260301/share/texmf-dist/tex/generic/pdftexcmds/
pdftexcmds.sty
Package: pdftexcmds 2020-06-27 v0.33 Utility functions of pdfTeX for LuaTeX (HO
)

(/opt/homebrew/Cellar/texlive/20260301/share/texmf-dist/tex/generic/infwarerr/i
nfwarerr.sty
Package: infwarerr 2019/12/03 v1.5 Providing info/warning/error messages (HO)
)
Package pdftexcmds Info: \pdf@primitive is available.
Package pdftexcmds Info: \pdf@ifprimitive is available.
Package pdftexcmds Info: \pdfdraftmode found.
))
(/opt/homebrew/Cellar/texlive/20260301/share/texmf-dist/tex/latex/hycolor/hycol
or.sty
Package: hycolor 2020-01-27 v1.10 Color options for hyperref/bookmark (HO)
)
(/opt/homebrew/Cellar/texlive/20260301/share/texmf-dist/tex/latex/hyperref/name
ref.sty
Package: nameref 2026-01-29 v2.58 Cross-referencing by name of section

(/opt/homebrew/Cellar/texlive/20260301/share/texmf-dist/tex/latex/refcount/refc
ount.sty
Package: refcount 2019/12/15 v3.6 Data extraction from label references (HO)
)
(/opt/homebrew/Cellar/texlive/20260301/share/texmf-dist/tex/generic/gettitlestr
ing/gettitlestring.sty
Package: gettitlestring 2019/12/15 v1.6 Cleanup title references (HO)

(/opt/homebrew/Cellar/texlive/20260301/share/texmf-dist/tex/latex/kvoptions/kvo
ptions.sty
Package: kvoptions 2022-06-15 v3.15 Key value format for package options (HO)
))
\c@section@level=\count295
)
(/opt/homebrew/Cellar/texlive/20260301/share/texmf-dist/tex/latex/etoolbox/etoo
lbox.sty
Package: etoolbox 2025/10/02 v2.5m e-TeX tools for LaTeX (JAW)
\etb@tempcnta=\count296
)
(/opt/homebrew/Cellar/texlive/20260301/share/texmf-dist/tex/generic/stringenc/s
tringenc.sty
Package: stringenc 2019/11/29 v1.12 Convert strings between diff. encodings (HO
)
)
\@linkdim=\dimen160
\Hy@linkcounter=\count297
\Hy@pagecounter=\count298

(/opt/homebrew/Cellar/texlive/20260301/share/texmf-dist/tex/latex/hyperref/pd1e
nc.def
File: pd1enc.def 2026-01-29 v7.01p Hyperref: PDFDocEncoding definition (HO)
Now handling font encoding PD1 ...
... no UTF-8 mapping file for font encoding PD1
)
(/opt/homebrew/Cellar/texlive/20260301/share/texmf-dist/tex/generic/intcalc/int
calc.sty
Package: intcalc 2019/12/15 v1.3 Expandable calculations with integers (HO)
)
\Hy@SavedSpaceFactor=\count299

(/opt/homebrew/Cellar/texlive/20260301/share/texmf-dist/tex/latex/hyperref/puen
c.def
File: puenc.def 2026-01-29 v7.01p Hyperref: PDF Unicode definition (HO)
Now handling font encoding PU ...
... no UTF-8 mapping file for font encoding PU
)
Package hyperref Info: Hyper figures OFF on input line 4201.
Package hyperref Info: Link nesting OFF on input line 4206.
Package hyperref Info: Hyper index ON on input line 4209.
Package hyperref Info: Plain pages OFF on input line 4216.
Package hyperref Info: Backreferencing OFF on input line 4221.
Package hyperref Info: Implicit mode ON; LaTeX internals redefined.
Package hyperref Info: Bookmarks ON on input line 4468.
\c@Hy@tempcnt=\count300

(/opt/homebrew/Cellar/texlive/20260301/share/texmf-dist/tex/latex/url/url.sty
\Urlmuskip=\muskip18
Package: url 2013/09/16  ver 3.4  Verb mode for urls, etc.
)
LaTeX Info: Redefining \url on input line 4807.
\XeTeXLinkMargin=\dimen161

(/opt/homebrew/Cellar/texlive/20260301/share/texmf-dist/tex/generic/bitset/bits
et.sty
Package: bitset 2019/12/09 v1.3 Handle bit-vector datatype (HO)

(/opt/homebrew/Cellar/texlive/20260301/share/texmf-dist/tex/generic/bigintcalc/
bigintcalc.sty
Package: bigintcalc 2019/12/15 v1.5 Expandable calculations on big integers (HO
)
))
\Fld@menulength=\count301
\Field@Width=\dimen162
\Fld@charsize=\dimen163
Package hyperref Info: Hyper figures OFF on input line 6084.
Package hyperref Info: Link nesting OFF on input line 6089.
Package hyperref Info: Hyper index ON on input line 6092.
Package hyperref Info: backreferencing OFF on input line 6099.
Package hyperref Info: Link coloring OFF on input line 6104.
Package hyperref Info: Link coloring with OCG OFF on input line 6109.
Package hyperref Info: PDF/A mode OFF on input line 6114.
\Hy@abspage=\count302
\c@Item=\count303
\c@Hfootnote=\count304
)
Package hyperref Info: Driver (autodetected): hpdftex.

(/opt/homebrew/Cellar/texlive/20260301/share/texmf-dist/tex/latex/hyperref/hpdf
tex.def
File: hpdftex.def 2026-01-29 v7.01p Hyperref driver for pdfTeX
\Fld@listcount=\count305
\c@bookmark@seq@number=\count306

(/opt/homebrew/Cellar/texlive/20260301/share/texmf-dist/tex/latex/rerunfilechec
k/rerunfilecheck.sty
Package: rerunfilecheck 2025-06-21 v1.11 Rerun checks for auxiliary files (HO)

(/opt/homebrew/Cellar/texlive/20260301/share/texmf-dist/tex/generic/uniquecount
er/uniquecounter.sty
Package: uniquecounter 2019/12/15 v1.4 Provide unlimited unique counter (HO)
)
Package uniquecounter Info: New unique counter `rerunfilecheck' on input line 2
84.
)
\Hy@SectionHShift=\skip57
)
(/opt/homebrew/Cellar/texlive/20260301/share/texmf-dist/tex/latex/bussproofs/bu
ssproofs.sty
Proof Tree (bussproofs) style macros. Version 1.1.
\theLevel=\count307
\myMaxLevel=\count308
\myBoxA=\box55
\myBoxB=\box56
\myBoxC=\box57
\myBoxD=\box58
\myBoxLL=\box59
\myBoxRL=\box60
\thisAboveSkip=\dimen164
\thisBelowSkip=\dimen165
\newScoreStart=\dimen166
\newScoreEnd=\dimen167
\newCenter=\dimen168
\displace=\dimen169
\leftLowerAmt=\dimen170
\rightLowerAmt=\dimen171
\scoreHeight=\dimen172
\scoreDepth=\dimen173
\htLbox=\dimen174
\htRbox=\dimen175
\htRRbox=\dimen176
\htRRRbox=\dimen177
\htAbox=\dimen178
\htCbox=\dimen179
)
(/opt/homebrew/Cellar/texlive/20260301/share/texmf-dist/tex/generic/xypic/xy.st
y
(/opt/homebrew/Cellar/texlive/20260301/share/texmf-dist/tex/generic/xypic/xy.te
x Bootstrap'ing: catcodes, docmode,
(/opt/homebrew/Cellar/texlive/20260301/share/texmf-dist/tex/generic/xypic/xyrec
at.tex)
(/opt/homebrew/Cellar/texlive/20260301/share/texmf-dist/tex/generic/xypic/xyidi
oms.tex)

 Xy-pic version 3.8.9 <2013/10/06>
 Copyright (c) 1991-2013 by Kristoffer H. Rose <krisrose@tug.org> and others
 Xy-pic is free software: see the User's Guide for details.

Loading kernel: messages; fonts; allocations: state,
\X@c=\dimen180
\Y@c=\dimen181
\U@c=\dimen182
\D@c=\dimen183
\L@c=\dimen184
\R@c=\dimen185
\Edge@c=\toks29
\X@p=\dimen186
\Y@p=\dimen187
\U@p=\dimen188
\D@p=\dimen189
\L@p=\dimen190
\R@p=\dimen191
\Edge@p=\toks30
\X@origin=\dimen192
\Y@origin=\dimen193
\X@xbase=\dimen194
\Y@xbase=\dimen195
\X@ybase=\dimen196
\Y@ybase=\dimen197
\X@min=\dimen198
\Y@min=\dimen199
\X@max=\dimen256
\Y@max=\dimen257
\lastobjectbox@=\box61
\zerodotbox@=\box62
\almostz@=\dimen258
 direction,
\d@X=\dimen259
\d@Y=\dimen260
\K@=\count309
\KK@=\count310
\Direction=\count311
\K@dXdY=\dimen261
\K@dYdX=\dimen262
\xyread@=\read2
\xywrite@=\write4
\csp@=\count312
\quotPTK@=\dimen263

utility macros; pictures: \xy, positions,
\swaptoks@@=\toks31
\connectobjectbox@@=\box63
 objects,
\styletoks@=\toks32
 decorations;
kernel objects: directionals, circles, text; options; algorithms: directions,
edges, connections;  Xy-pic loaded)
(/opt/homebrew/Cellar/texlive/20260301/share/texmf-dist/tex/generic/iftex/ifpdf
.sty
Package: ifpdf 2019/10/25 v3.4 ifpdf legacy package. Use iftex instead.
)
Package: xy 2013/10/06 Xy-pic version 3.8.9

(/opt/homebrew/Cellar/texlive/20260301/share/texmf-dist/tex/generic/xypic/xyall
.tex  Xy-pic option: All features v.3.8
(/opt/homebrew/Cellar/texlive/20260301/share/texmf-dist/tex/generic/xypic/xycur
ve.tex  Xy-pic option: Curve and Spline extension v.3.12 curve,
\crv@cnt@=\count313
\crvpts@=\toks33
\splinebox@=\box64
\splineval@=\dimen264
\splinedepth@=\dimen265
\splinetol@=\dimen266
\splinelength@=\dimen267
 circles,
\L@=\dimen268

loaded)
(/opt/homebrew/Cellar/texlive/20260301/share/texmf-dist/tex/generic/xypic/xyfra
me.tex  Xy-pic option: Frame and Bracket extension v.3.14 loaded)
(/opt/homebrew/Cellar/texlive/20260301/share/texmf-dist/tex/generic/xypic/xycmt
ip.tex  Xy-pic option: Computer Modern tip extension v.3.7
(/opt/homebrew/Cellar/texlive/20260301/share/texmf-dist/tex/generic/xypic/xytip
s.tex  Xy-pic option: More Tips extension v.3.11 loaded) loaded)
(/opt/homebrew/Cellar/texlive/20260301/share/texmf-dist/tex/generic/xypic/xylin
e.tex  Xy-pic option: Line styles extension v.3.10
\xylinethick@=\dimen269
 loaded)
(/opt/homebrew/Cellar/texlive/20260301/share/texmf-dist/tex/generic/xypic/xyrot
ate.tex  Xy-pic option: Rotate and Scale extension v.3.8 loaded)
(/opt/homebrew/Cellar/texlive/20260301/share/texmf-dist/tex/generic/xypic/xycol
or.tex  Xy-pic option: Colour extension v.3.11 loaded)
(/opt/homebrew/Cellar/texlive/20260301/share/texmf-dist/tex/generic/xypic/xymat
rix.tex  Xy-pic option: Matrix feature v.3.14
\Row=\count314
\Col=\count315
\queue@=\toks34
\queue@@=\toks35
\qcount@=\count316
\qcount@@=\count317
\matrixsize@=\count318
 loaded)
(/opt/homebrew/Cellar/texlive/20260301/share/texmf-dist/tex/generic/xypic/xyarr
ow.tex  Xy-pic option: Arrow and Path feature v.3.9 path, \ar, loaded)
(/opt/homebrew/Cellar/texlive/20260301/share/texmf-dist/tex/generic/xypic/xygra
ph.tex  Xy-pic option: Graph feature v.3.11 loaded) loaded)
(/opt/homebrew/Cellar/texlive/20260301/share/texmf-dist/tex/generic/xypic/xy2ce
ll.tex  Xy-pic option: Two-cell feature v.3.7 two-cells, loaded)
(/opt/homebrew/Cellar/texlive/20260301/share/texmf-dist/tex/generic/xypic/xypdf
.tex  Xy-pic option: PDF driver v.1.7
Xy-pic pdf driver: `color' extension support
(/opt/homebrew/Cellar/texlive/20260301/share/texmf-dist/tex/generic/xypic/xypdf
-co.tex loaded) Xy-pic pdf driver: `curve' extension support
(/opt/homebrew/Cellar/texlive/20260301/share/texmf-dist/tex/generic/xypic/xypdf
-cu.tex loaded) Xy-pic pdf driver: `frame' extension support
(/opt/homebrew/Cellar/texlive/20260301/share/texmf-dist/tex/generic/xypic/xypdf
-fr.tex loaded) Xy-pic pdf driver: `line' extension support
(/opt/homebrew/Cellar/texlive/20260301/share/texmf-dist/tex/generic/xypic/xypdf
-li.tex loaded) Xy-pic pdf driver: `rotate' extension support
(/opt/homebrew/Cellar/texlive/20260301/share/texmf-dist/tex/generic/xypic/xypdf
-ro.tex loaded) loaded))
(/opt/homebrew/Cellar/texlive/20260301/share/texmf-dist/tex/latex/graphics/rota
ting.sty
Package: rotating 2025/01/14 v2.16e rotated objects in LaTeX

(/opt/homebrew/Cellar/texlive/20260301/share/texmf-dist/tex/latex/base/ifthen.s
ty
Package: ifthen 2024/03/16 v1.1e Standard LaTeX ifthen package (DPC)
)
\c@r@tfl@t=\count319
\rotFPtop=\skip58
\rotFPbot=\skip59
\rot@float@box=\box65
\rot@mess@toks=\toks36
)
(/opt/homebrew/Cellar/texlive/20260301/share/texmf-dist/tex/latex/graphics/lsca
pe.sty
Package: lscape 2020/05/28 v3.02 Landscape Pages (DPC)
)
(/opt/homebrew/Cellar/texlive/20260301/share/texmf-dist/tex/latex/minted/minted
.sty
Package: minted 2025/05/14 v3.7.0 Yet another Pygments shim for LaTeX

(/opt/homebrew/Cellar/texlive/20260301/share/texmf-dist/tex/generic/catchfile/c
atchfile.sty
Package: catchfile 2019/12/09 v1.8 Catch the contents of a file (HO)

(/opt/homebrew/Cellar/texlive/20260301/share/texmf-dist/tex/generic/etexcmds/et
excmds.sty
Package: etexcmds 2019/12/15 v1.7 Avoid name clashes with e-TeX commands (HO)
))
(/opt/homebrew/Cellar/texlive/20260301/share/texmf-dist/tex/latex/fvextra/fvext
ra.sty
Package: fvextra 2026/02/25 v1.14.0 fvextra - extensions and patches for fancyv
rb

(/opt/homebrew/Cellar/texlive/20260301/share/texmf-dist/tex/latex/fancyvrb/fanc
yvrb.sty
Package: fancyvrb 2025/07/28 4.6 verbatim text (tvz,hv)
\FV@CodeLineNo=\count320
\FV@InFile=\read3
\FV@TabBox=\box66
\c@FancyVerbLine=\count321
\FV@StepNumber=\count322
\FV@OutFile=\write5
)
(/opt/homebrew/Cellar/texlive/20260301/share/texmf-dist/tex/latex/upquote/upquo
te.sty
Package: upquote 2012/04/19 v1.3 upright-quote and grave-accent glyphs in verba
tim
)
(/opt/homebrew/Cellar/texlive/20260301/share/texmf-dist/tex/latex/lineno/lineno
.sty
Package: lineno 2026/02/16 line numbers on paragraphs v5.7
\linenopenalty=\count323
\output=\toks37
\linenoprevgraf=\count324
\linenumbersep=\dimen270
\linenumberwidth=\dimen271
\c@linenumber=\count325
\c@pagewiselinenumber=\count326
\c@LN@truepage=\count327
\c@internallinenumber=\count328
\c@internallinenumbers=\count329
\quotelinenumbersep=\dimen272
\bframerule=\dimen273
\bframesep=\dimen274
\bframebox=\box67
\@LN@amsmath@ams@eqpen=\count330
)
\c@FancyVerbWriteLine=\count331
\c@FancyVerbBufferLine=\count332
\c@FV@TrueTabGroupLevel=\count333
\c@FV@TrueTabCounter=\count334
\FV@TabBox@Group=\box68
\FV@bgcolorstructbox=\box69
\FV@TmpLength=\skip60
\c@FV@HighlightLinesStart=\count335
\c@FV@HighlightLinesStop=\count336
\FV@LoopCount=\count337
\FV@NCharsBox=\box70
\FV@BreakIndent=\dimen275
\FV@BreakIndentNChars=\count338
\FV@BreakSymbolSepLeft=\dimen276
\FV@BreakSymbolSepLeftNChars=\count339
\FV@BreakSymbolSepRight=\dimen277
\FV@BreakSymbolSepRightNChars=\count340
\FV@BreakSymbolIndentLeft=\dimen278
\FV@BreakSymbolIndentLeftNChars=\count341
\FV@BreakSymbolIndentRight=\dimen279
\FV@BreakSymbolIndentRightNChars=\count342
\c@FancyVerbLineBreakLast=\count343
\FV@LineBox=\box71
\FV@LineIndentBox=\box72
\c@FV@BreakBufferDepth=\count344
\FV@LineWidth=\dimen280
)
(/opt/homebrew/Cellar/texlive/20260301/share/texmf-dist/tex/latex/latex2pydata/
latex2pydata.sty
Package: latex2pydata 2026/02/25 v0.7.0 latex2pydata - write data to file in Py
thon literal format
)
(/opt/homebrew/Cellar/texlive/20260301/share/texmf-dist/tex/latex/pgf/utilities
/pgfkeys.sty
(/opt/homebrew/Cellar/texlive/20260301/share/texmf-dist/tex/generic/pgf/utiliti
es/pgfkeys.code.tex
\pgfkeys@pathtoks=\toks38
\pgfkeys@temptoks=\toks39

(/opt/homebrew/Cellar/texlive/20260301/share/texmf-dist/tex/generic/pgf/utiliti
es/pgfkeyslibraryfiltered.code.tex
\pgfkeys@tmptoks=\toks40
)))
(/opt/homebrew/Cellar/texlive/20260301/share/texmf-dist/tex/latex/pgfopts/pgfop
ts.sty
Package: pgfopts 2014/07/10 v2.1a LaTeX package options with pgfkeys
\pgfopts@list@add@a@toks=\toks41
\pgfopts@list@add@b@toks=\toks42
)
(/opt/homebrew/Cellar/texlive/20260301/share/texmf-dist/tex/latex/tools/shelles
c.sty
Package: shellesc 2023/07/08 v1.0d unified shell escape interface for LaTeX
Package shellesc Info: Unrestricted shell escape enabled on input line 75.
)
(/opt/homebrew/Cellar/texlive/20260301/share/texmf-dist/tex/latex/float/float.s
ty
Package: float 2001/11/08 v1.3d Float enhancements (AL)
\c@float@type=\count345
\float@exts=\toks43
\float@box=\box73
\@float@everytoks=\toks44
\@floatcapt=\box74
)
\c@minted@FancyVerbLineTemp=\count346
\@float@every@listing=\toks45
\c@listing=\count347
)
(/opt/homebrew/Cellar/texlive/20260301/share/texmf-dist/tex/latex/doublestroke/
dsfont.sty
Package: dsfont 1995/08/01 v0.1 Double stroke roman fonts
)
(/opt/homebrew/Cellar/texlive/20260301/share/texmf-dist/tex/latex/pgf/frontendl
ayer/tikz.sty
(/opt/homebrew/Cellar/texlive/20260301/share/texmf-dist/tex/latex/pgf/basiclaye
r/pgf.sty
(/opt/homebrew/Cellar/texlive/20260301/share/texmf-dist/tex/latex/pgf/utilities
/pgfrcs.sty
(/opt/homebrew/Cellar/texlive/20260301/share/texmf-dist/tex/generic/pgf/utiliti
es/pgfutil-common.tex
\pgfutil@everybye=\toks46
\pgfutil@tempdima=\dimen281
\pgfutil@tempdimb=\dimen282
)
(/opt/homebrew/Cellar/texlive/20260301/share/texmf-dist/tex/generic/pgf/utiliti
es/pgfutil-latex.def
\pgfutil@abb=\box75
)
(/opt/homebrew/Cellar/texlive/20260301/share/texmf-dist/tex/generic/pgf/utiliti
es/pgfrcs.code.tex
(/opt/homebrew/Cellar/texlive/20260301/share/texmf-dist/tex/generic/pgf/pgf.rev
ision.tex)
Package: pgfrcs 2025-08-29 v3.1.11a (3.1.11a)
))
Package: pgf 2025-08-29 v3.1.11a (3.1.11a)

(/opt/homebrew/Cellar/texlive/20260301/share/texmf-dist/tex/latex/pgf/basiclaye
r/pgfcore.sty
(/opt/homebrew/Cellar/texlive/20260301/share/texmf-dist/tex/latex/pgf/systemlay
er/pgfsys.sty
(/opt/homebrew/Cellar/texlive/20260301/share/texmf-dist/tex/generic/pgf/systeml
ayer/pgfsys.code.tex
Package: pgfsys 2025-08-29 v3.1.11a (3.1.11a)
\pgf@x=\dimen283
\pgf@y=\dimen284
\pgf@xa=\dimen285
\pgf@ya=\dimen286
\pgf@xb=\dimen287
\pgf@yb=\dimen288
\pgf@xc=\dimen289
\pgf@yc=\dimen290
\pgf@xd=\dimen291
\pgf@yd=\dimen292
\w@pgf@writea=\write6
\r@pgf@reada=\read4
\c@pgf@counta=\count348
\c@pgf@countb=\count349
\c@pgf@countc=\count350
\c@pgf@countd=\count351
\t@pgf@toka=\toks47
\t@pgf@tokb=\toks48
\t@pgf@tokc=\toks49
\pgf@sys@id@count=\count352

(/opt/homebrew/Cellar/texlive/20260301/share/texmf-dist/tex/generic/pgf/systeml
ayer/pgf.cfg
File: pgf.cfg 2025-08-29 v3.1.11a (3.1.11a)
)
Driver file for pgf: pgfsys-pdftex.def

(/opt/homebrew/Cellar/texlive/20260301/share/texmf-dist/tex/generic/pgf/systeml
ayer/pgfsys-pdftex.def
File: pgfsys-pdftex.def 2025-08-29 v3.1.11a (3.1.11a)

(/opt/homebrew/Cellar/texlive/20260301/share/texmf-dist/tex/generic/pgf/systeml
ayer/pgfsys-common-pdf.def
File: pgfsys-common-pdf.def 2025-08-29 v3.1.11a (3.1.11a)
)))
(/opt/homebrew/Cellar/texlive/20260301/share/texmf-dist/tex/generic/pgf/systeml
ayer/pgfsyssoftpath.code.tex
File: pgfsyssoftpath.code.tex 2025-08-29 v3.1.11a (3.1.11a)
\pgfsyssoftpath@smallbuffer@items=\count353
\pgfsyssoftpath@bigbuffer@items=\count354
)
(/opt/homebrew/Cellar/texlive/20260301/share/texmf-dist/tex/generic/pgf/systeml
ayer/pgfsysprotocol.code.tex
File: pgfsysprotocol.code.tex 2025-08-29 v3.1.11a (3.1.11a)
))
(/opt/homebrew/Cellar/texlive/20260301/share/texmf-dist/tex/latex/xcolor/xcolor
.sty
Package: xcolor 2024/09/29 v3.02 LaTeX color extensions (UK)

(/opt/homebrew/Cellar/texlive/20260301/share/texmf-dist/tex/latex/graphics-cfg/
color.cfg
File: color.cfg 2016/01/02 v1.6 sample color configuration
)
Package xcolor Info: Driver file: pdftex.def on input line 274.

(/opt/homebrew/Cellar/texlive/20260301/share/texmf-dist/tex/latex/graphics/math
color.ltx)
Package xcolor Info: Model `cmy' substituted by `cmy0' on input line 1349.
Package xcolor Info: Model `hsb' substituted by `rgb' on input line 1353.
Package xcolor Info: Model `RGB' extended on input line 1365.
Package xcolor Info: Model `HTML' substituted by `rgb' on input line 1367.
Package xcolor Info: Model `Hsb' substituted by `hsb' on input line 1368.
Package xcolor Info: Model `tHsb' substituted by `hsb' on input line 1369.
Package xcolor Info: Model `HSB' substituted by `hsb' on input line 1370.
Package xcolor Info: Model `Gray' substituted by `gray' on input line 1371.
Package xcolor Info: Model `wave' substituted by `hsb' on input line 1372.
)
(/opt/homebrew/Cellar/texlive/20260301/share/texmf-dist/tex/generic/pgf/basicla
yer/pgfcore.code.tex
Package: pgfcore 2025-08-29 v3.1.11a (3.1.11a)

(/opt/homebrew/Cellar/texlive/20260301/share/texmf-dist/tex/generic/pgf/math/pg
fmath.code.tex
(/opt/homebrew/Cellar/texlive/20260301/share/texmf-dist/tex/generic/pgf/math/pg
fmathutil.code.tex)
(/opt/homebrew/Cellar/texlive/20260301/share/texmf-dist/tex/generic/pgf/math/pg
fmathparser.code.tex
\pgfmath@dimen=\dimen293
\pgfmath@count=\count355
\pgfmath@box=\box76
\pgfmath@toks=\toks50
\pgfmath@stack@operand=\toks51
\pgfmath@stack@operation=\toks52
)
(/opt/homebrew/Cellar/texlive/20260301/share/texmf-dist/tex/generic/pgf/math/pg
fmathfunctions.code.tex)
(/opt/homebrew/Cellar/texlive/20260301/share/texmf-dist/tex/generic/pgf/math/pg
fmathfunctions.basic.code.tex)
(/opt/homebrew/Cellar/texlive/20260301/share/texmf-dist/tex/generic/pgf/math/pg
fmathfunctions.trigonometric.code.tex)
(/opt/homebrew/Cellar/texlive/20260301/share/texmf-dist/tex/generic/pgf/math/pg
fmathfunctions.random.code.tex)
(/opt/homebrew/Cellar/texlive/20260301/share/texmf-dist/tex/generic/pgf/math/pg
fmathfunctions.comparison.code.tex)
(/opt/homebrew/Cellar/texlive/20260301/share/texmf-dist/tex/generic/pgf/math/pg
fmathfunctions.base.code.tex)
(/opt/homebrew/Cellar/texlive/20260301/share/texmf-dist/tex/generic/pgf/math/pg
fmathfunctions.round.code.tex)
(/opt/homebrew/Cellar/texlive/20260301/share/texmf-dist/tex/generic/pgf/math/pg
fmathfunctions.misc.code.tex)
(/opt/homebrew/Cellar/texlive/20260301/share/texmf-dist/tex/generic/pgf/math/pg
fmathfunctions.integerarithmetics.code.tex)
(/opt/homebrew/Cellar/texlive/20260301/share/texmf-dist/tex/generic/pgf/math/pg
fmathcalc.code.tex)
(/opt/homebrew/Cellar/texlive/20260301/share/texmf-dist/tex/generic/pgf/math/pg
fmathfloat.code.tex
\c@pgfmathroundto@lastzeros=\count356
))
(/opt/homebrew/Cellar/texlive/20260301/share/texmf-dist/tex/generic/pgf/math/pg
fint.code.tex)
(/opt/homebrew/Cellar/texlive/20260301/share/texmf-dist/tex/generic/pgf/basicla
yer/pgfcorepoints.code.tex
File: pgfcorepoints.code.tex 2025-08-29 v3.1.11a (3.1.11a)
\pgf@picminx=\dimen294
\pgf@picmaxx=\dimen295
\pgf@picminy=\dimen296
\pgf@picmaxy=\dimen297
\pgf@pathminx=\dimen298
\pgf@pathmaxx=\dimen299
\pgf@pathminy=\dimen300
\pgf@pathmaxy=\dimen301
\pgf@xx=\dimen302
\pgf@xy=\dimen303
\pgf@yx=\dimen304
\pgf@yy=\dimen305
\pgf@zx=\dimen306
\pgf@zy=\dimen307
)
(/opt/homebrew/Cellar/texlive/20260301/share/texmf-dist/tex/generic/pgf/basicla
yer/pgfcorepathconstruct.code.tex
File: pgfcorepathconstruct.code.tex 2025-08-29 v3.1.11a (3.1.11a)
\pgf@path@lastx=\dimen308
\pgf@path@lasty=\dimen309
)
(/opt/homebrew/Cellar/texlive/20260301/share/texmf-dist/tex/generic/pgf/basicla
yer/pgfcorepathusage.code.tex
File: pgfcorepathusage.code.tex 2025-08-29 v3.1.11a (3.1.11a)
\pgf@shorten@end@additional=\dimen310
\pgf@shorten@start@additional=\dimen311
)
(/opt/homebrew/Cellar/texlive/20260301/share/texmf-dist/tex/generic/pgf/basicla
yer/pgfcorescopes.code.tex
File: pgfcorescopes.code.tex 2025-08-29 v3.1.11a (3.1.11a)
\pgfpic=\box77
\pgf@hbox=\box78
\pgf@layerbox@main=\box79
\pgf@picture@serial@count=\count357
)
(/opt/homebrew/Cellar/texlive/20260301/share/texmf-dist/tex/generic/pgf/basicla
yer/pgfcoregraphicstate.code.tex
File: pgfcoregraphicstate.code.tex 2025-08-29 v3.1.11a (3.1.11a)
\pgflinewidth=\dimen312
)
(/opt/homebrew/Cellar/texlive/20260301/share/texmf-dist/tex/generic/pgf/basicla
yer/pgfcoretransformations.code.tex
File: pgfcoretransformations.code.tex 2025-08-29 v3.1.11a (3.1.11a)
\pgf@pt@x=\dimen313
\pgf@pt@y=\dimen314
\pgf@pt@temp=\dimen315
)
(/opt/homebrew/Cellar/texlive/20260301/share/texmf-dist/tex/generic/pgf/basicla
yer/pgfcorequick.code.tex
File: pgfcorequick.code.tex 2025-08-29 v3.1.11a (3.1.11a)
)
(/opt/homebrew/Cellar/texlive/20260301/share/texmf-dist/tex/generic/pgf/basicla
yer/pgfcoreobjects.code.tex
File: pgfcoreobjects.code.tex 2025-08-29 v3.1.11a (3.1.11a)
)
(/opt/homebrew/Cellar/texlive/20260301/share/texmf-dist/tex/generic/pgf/basicla
yer/pgfcorepathprocessing.code.tex
File: pgfcorepathprocessing.code.tex 2025-08-29 v3.1.11a (3.1.11a)
)
(/opt/homebrew/Cellar/texlive/20260301/share/texmf-dist/tex/generic/pgf/basicla
yer/pgfcorearrows.code.tex
File: pgfcorearrows.code.tex 2025-08-29 v3.1.11a (3.1.11a)
\pgfarrowsep=\dimen316
)
(/opt/homebrew/Cellar/texlive/20260301/share/texmf-dist/tex/generic/pgf/basicla
yer/pgfcoreshade.code.tex
File: pgfcoreshade.code.tex 2025-08-29 v3.1.11a (3.1.11a)
\pgf@max=\dimen317
\pgf@sys@shading@range@num=\count358
\pgf@shadingcount=\count359
)
(/opt/homebrew/Cellar/texlive/20260301/share/texmf-dist/tex/generic/pgf/basicla
yer/pgfcoreimage.code.tex
File: pgfcoreimage.code.tex 2025-08-29 v3.1.11a (3.1.11a)
)
(/opt/homebrew/Cellar/texlive/20260301/share/texmf-dist/tex/generic/pgf/basicla
yer/pgfcoreexternal.code.tex
File: pgfcoreexternal.code.tex 2025-08-29 v3.1.11a (3.1.11a)
\pgfexternal@startupbox=\box80
)
(/opt/homebrew/Cellar/texlive/20260301/share/texmf-dist/tex/generic/pgf/basicla
yer/pgfcorelayers.code.tex
File: pgfcorelayers.code.tex 2025-08-29 v3.1.11a (3.1.11a)
)
(/opt/homebrew/Cellar/texlive/20260301/share/texmf-dist/tex/generic/pgf/basicla
yer/pgfcoretransparency.code.tex
File: pgfcoretransparency.code.tex 2025-08-29 v3.1.11a (3.1.11a)
)
(/opt/homebrew/Cellar/texlive/20260301/share/texmf-dist/tex/generic/pgf/basicla
yer/pgfcorepatterns.code.tex
File: pgfcorepatterns.code.tex 2025-08-29 v3.1.11a (3.1.11a)
)
(/opt/homebrew/Cellar/texlive/20260301/share/texmf-dist/tex/generic/pgf/basicla
yer/pgfcorerdf.code.tex
File: pgfcorerdf.code.tex 2025-08-29 v3.1.11a (3.1.11a)
)))
(/opt/homebrew/Cellar/texlive/20260301/share/texmf-dist/tex/generic/pgf/modules
/pgfmoduleshapes.code.tex
File: pgfmoduleshapes.code.tex 2025-08-29 v3.1.11a (3.1.11a)
\pgfnodeparttextbox=\box81
)
(/opt/homebrew/Cellar/texlive/20260301/share/texmf-dist/tex/generic/pgf/modules
/pgfmoduleplot.code.tex
File: pgfmoduleplot.code.tex 2025-08-29 v3.1.11a (3.1.11a)
)
(/opt/homebrew/Cellar/texlive/20260301/share/texmf-dist/tex/latex/pgf/compatibi
lity/pgfcomp-version-0-65.sty
Package: pgfcomp-version-0-65 2025-08-29 v3.1.11a (3.1.11a)
\pgf@nodesepstart=\dimen318
\pgf@nodesepend=\dimen319
)
(/opt/homebrew/Cellar/texlive/20260301/share/texmf-dist/tex/latex/pgf/compatibi
lity/pgfcomp-version-1-18.sty
Package: pgfcomp-version-1-18 2025-08-29 v3.1.11a (3.1.11a)
))
(/opt/homebrew/Cellar/texlive/20260301/share/texmf-dist/tex/latex/pgf/utilities
/pgffor.sty
(/opt/homebrew/Cellar/texlive/20260301/share/texmf-dist/tex/latex/pgf/math/pgfm
ath.sty
(/opt/homebrew/Cellar/texlive/20260301/share/texmf-dist/tex/generic/pgf/math/pg
fmath.code.tex))
(/opt/homebrew/Cellar/texlive/20260301/share/texmf-dist/tex/generic/pgf/utiliti
es/pgffor.code.tex
Package: pgffor 2025-08-29 v3.1.11a (3.1.11a)
\pgffor@iter=\dimen320
\pgffor@skip=\dimen321
\pgffor@stack=\toks53
\pgffor@toks=\toks54
))
(/opt/homebrew/Cellar/texlive/20260301/share/texmf-dist/tex/generic/pgf/fronten
dlayer/tikz/tikz.code.tex
Package: tikz 2025-08-29 v3.1.11a (3.1.11a)

(/opt/homebrew/Cellar/texlive/20260301/share/texmf-dist/tex/generic/pgf/librari
es/pgflibraryplothandlers.code.tex
File: pgflibraryplothandlers.code.tex 2025-08-29 v3.1.11a (3.1.11a)
\pgf@plot@mark@count=\count360
\pgfplotmarksize=\dimen322
)
\tikz@lastx=\dimen323
\tikz@lasty=\dimen324
\tikz@lastxsaved=\dimen325
\tikz@lastysaved=\dimen326
\tikz@lastmovetox=\dimen327
\tikz@lastmovetoy=\dimen328
\tikzleveldistance=\dimen329
\tikzsiblingdistance=\dimen330
\tikz@figbox=\box82
\tikz@figbox@bg=\box83
\tikz@tempbox=\box84
\tikz@tempbox@bg=\box85
\tikztreelevel=\count361
\tikznumberofchildren=\count362
\tikznumberofcurrentchild=\count363
\tikz@fig@count=\count364

(/opt/homebrew/Cellar/texlive/20260301/share/texmf-dist/tex/generic/pgf/modules
/pgfmodulematrix.code.tex
File: pgfmodulematrix.code.tex 2025-08-29 v3.1.11a (3.1.11a)
\pgfmatrixcurrentrow=\count365
\pgfmatrixcurrentcolumn=\count366
\pgf@matrix@numberofcolumns=\count367
)
\tikz@expandcount=\count368

(/opt/homebrew/Cellar/texlive/20260301/share/texmf-dist/tex/generic/pgf/fronten
dlayer/tikz/libraries/tikzlibrarytopaths.code.tex
File: tikzlibrarytopaths.code.tex 2025-08-29 v3.1.11a (3.1.11a)
)))
(/opt/homebrew/Cellar/texlive/20260301/share/texmf-dist/tex/latex/tikz-cd/tikz-
cd.sty
Package: tikz-cd 2021/05/04 v1.0 Commutative diagrams with TikZ

(/opt/homebrew/Cellar/texlive/20260301/share/texmf-dist/tex/generic/tikz-cd/tik
zlibrarycd.code.tex
(/opt/homebrew/Cellar/texlive/20260301/share/texmf-dist/tex/generic/pgf/fronten
dlayer/tikz/libraries/tikzlibrarymatrix.code.tex
File: tikzlibrarymatrix.code.tex 2025-08-29 v3.1.11a (3.1.11a)
)
(/opt/homebrew/Cellar/texlive/20260301/share/texmf-dist/tex/generic/pgf/fronten
dlayer/tikz/libraries/tikzlibraryquotes.code.tex
File: tikzlibraryquotes.code.tex 2025-08-29 v3.1.11a (3.1.11a)
)
(/opt/homebrew/Cellar/texlive/20260301/share/texmf-dist/tex/generic/pgf/librari
es/pgflibraryarrows.meta.code.tex
File: pgflibraryarrows.meta.code.tex 2025-08-29 v3.1.11a (3.1.11a)
\pgfarrowinset=\dimen331
\pgfarrowlength=\dimen332
\pgfarrowwidth=\dimen333
\pgfarrowlinewidth=\dimen334
)))
(/opt/homebrew/Cellar/texlive/20260301/share/texmf-dist/tex/latex/stmaryrd/stma
ryrd.sty
Package: stmaryrd 1994/03/03 St Mary's Road symbol package
\symstmry=\mathgroup6
LaTeX Font Info:    Overwriting symbol font `stmry' in version `bold'
(Font)                  U/stmry/m/n --> U/stmry/b/n on input line 89.
)
(/opt/homebrew/Cellar/texlive/20260301/share/texmf-dist/tex/latex/tools/multico
l.sty
Package: multicol 2025/10/21 v2.0b multicolumn formatting (FMi)
\c@tracingmulticols=\count369
\mult@box=\box86
\multicol@leftmargin=\dimen335
\c@unbalance=\count370
\c@collectmore=\count371
\doublecol@number=\count372
\multicoltolerance=\count373
\multicolpretolerance=\count374
\full@width=\dimen336
\page@free=\dimen337
\premulticols=\dimen338
\postmulticols=\dimen339
\multicolsep=\skip61
\multicolbaselineskip=\skip62
\partial@page=\box87
\last@line=\box88
\mc@boxedresult=\box89
\maxbalancingoverflow=\dimen340
\mult@rightbox=\box90
\mult@grightbox=\box91
\mult@firstbox=\box92
\mult@gfirstbox=\box93
\@tempa=\box94
\@tempa=\box95
\@tempa=\box96
\@tempa=\box97
\@tempa=\box98
\@tempa=\box99
\@tempa=\box100
\@tempa=\box101
\@tempa=\box102
\@tempa=\box103
\@tempa=\box104
\@tempa=\box105
\@tempa=\box106
\@tempa=\box107
\@tempa=\box108
\@tempa=\box109
\@tempa=\box110
\@tempa=\box111
\@tempa=\box112
\@tempa=\box113
\@tempa=\box114
\@tempa=\box115
\@tempa=\box116
\@tempa=\box117
\@tempa=\box118
\@tempa=\box119
\@tempa=\box120
\@tempa=\box121
\@tempa=\box122
\@tempa=\box123
\@tempa=\box124
\@tempa=\box125
\@tempa=\box126
\@tempa=\box127
\@tempa=\box128
\@tempa=\box129
\c@minrows=\count375
\c@columnbadness=\count376
\c@finalcolumnbadness=\count377
\last@try=\dimen341
\multicolovershoot=\dimen342
\multicolundershoot=\dimen343
\mult@nat@firstbox=\box130
\colbreak@box=\box131
\mc@col@check@num=\count378
\g__mc_curr_col_int=\count379
)
(/opt/homebrew/Cellar/texlive/20260301/share/texmf-dist/tex/latex/cmll/cmll.sty
Package: cmll 2010/04/20 Linear Logic symbols for Computer Modern
\symllsymbols=\mathgroup7
LaTeX Font Info:    Overwriting symbol font `llsymbols' in version `bold'
(Font)                  U/cmllr/m/n --> U/cmllr/bx/n on input line 49.
)
(/opt/homebrew/Cellar/texlive/20260301/share/texmf-dist/tex/generic/pgf/fronten
dlayer/tikz/libraries/tikzlibraryshapes.geometric.code.tex
File: tikzlibraryshapes.geometric.code.tex 2025-08-29 v3.1.11a (3.1.11a)

(/opt/homebrew/Cellar/texlive/20260301/share/texmf-dist/tex/generic/pgf/librari
es/shapes/pgflibraryshapes.geometric.code.tex
File: pgflibraryshapes.geometric.code.tex 2025-08-29 v3.1.11a (3.1.11a)
))
(/opt/homebrew/Cellar/texlive/20260301/share/texmf-dist/tex/generic/pgf/fronten
dlayer/tikz/libraries/tikzlibraryarrows.code.tex
File: tikzlibraryarrows.code.tex 2025-08-29 v3.1.11a (3.1.11a)

(/opt/homebrew/Cellar/texlive/20260301/share/texmf-dist/tex/generic/pgf/librari
es/pgflibraryarrows.code.tex
File: pgflibraryarrows.code.tex 2025-08-29 v3.1.11a (3.1.11a)
\arrowsize=\dimen344
))
(/opt/homebrew/Cellar/texlive/20260301/share/texmf-dist/tex/generic/pgf/fronten
dlayer/tikz/libraries/tikzlibrarypositioning.code.tex
File: tikzlibrarypositioning.code.tex 2025-08-29 v3.1.11a (3.1.11a)
)
(/opt/homebrew/Cellar/texlive/20260301/share/texmf-dist/tex/generic/pgf/fronten
dlayer/tikz/libraries/tikzlibrarybackgrounds.code.tex
File: tikzlibrarybackgrounds.code.tex 2025-08-29 v3.1.11a (3.1.11a)
\pgf@layerbox@background=\box132
\pgf@layerboxsaved@background=\box133
)
\c@definition=\count380
\c@theorem=\count381
\c@claim=\count382
\c@ex=\count383
\c@cons=\count384
\c@rem=\count385
\c@prop=\count386
\c@lemma=\count387
\c@fact=\count388
\c@remark=\count389
\c@notation=\count390
\c@example=\count391
\c@exercise=\count392
\c@col=\count393


Package amsthm Warning: Unknown theoremstyle `question' on input line 78.

\c@question=\count394

(/opt/homebrew/Cellar/texlive/20260301/share/texmf-dist/tex/latex/l3backend/l3b
ackend-pdftex.def
File: l3backend-pdftex.def 2025-10-09 L3 backend support: PDF output (pdfTeX)
\l__color_backend_stack_int=\count395
)

LaTeX Warning: Unused global option(s):
    [8pt].

(./Text.aux)
\openout1 = `Text.aux'.

LaTeX Font Info:    Checking defaults for OML/cmm/m/it on input line 97.
LaTeX Font Info:    ... okay on input line 97.
LaTeX Font Info:    Checking defaults for OMS/cmsy/m/n on input line 97.
LaTeX Font Info:    ... okay on input line 97.
LaTeX Font Info:    Checking defaults for OT1/cmr/m/n on input line 97.
LaTeX Font Info:    ... okay on input line 97.
LaTeX Font Info:    Checking defaults for T1/cmr/m/n on input line 97.
LaTeX Font Info:    ... okay on input line 97.
LaTeX Font Info:    Checking defaults for TS1/cmr/m/n on input line 97.
LaTeX Font Info:    ... okay on input line 97.
LaTeX Font Info:    Checking defaults for OMX/cmex/m/n on input line 97.
LaTeX Font Info:    ... okay on input line 97.
LaTeX Font Info:    Checking defaults for U/cmr/m/n on input line 97.
LaTeX Font Info:    ... okay on input line 97.
LaTeX Font Info:    Checking defaults for PD1/pdf/m/n on input line 97.
LaTeX Font Info:    ... okay on input line 97.
LaTeX Font Info:    Checking defaults for PU/pdf/m/n on input line 97.
LaTeX Font Info:    ... okay on input line 97.

(/opt/homebrew/Cellar/texlive/20260301/share/texmf-dist/tex/context/base/mkii/s
upp-pdf.mkii
[Loading MPS to PDF converter (version 2006.09.02).]
\scratchcounter=\count396
\scratchdimen=\dimen345
\scratchbox=\box134
\nofMPsegments=\count397
\nofMParguments=\count398
\everyMPshowfont=\toks55
\MPscratchCnt=\count399
\MPscratchDim=\dimen346
\MPnumerator=\count400
\makeMPintoPDFobject=\count401
\everyMPtoPDFconversion=\toks56
)
(/opt/homebrew/Cellar/texlive/20260301/share/texmf-dist/tex/latex/epstopdf-pkg/
epstopdf-base.sty
Package: epstopdf-base 2020-01-24 v2.11 Base part for package epstopdf
Package epstopdf-base Info: Redefining graphics rule for `.eps' on input line 4
85.

(/opt/homebrew/Cellar/texlive/20260301/share/texmf-dist/tex/latex/latexconfig/e
pstopdf-sys.cfg
File: epstopdf-sys.cfg 2010/07/13 v1.3 Configuration of (r)epstopdf for TeX Liv
e
))
Package hyperref Info: Link coloring OFF on input line 97.
 (./Text.out) (./Text.out)
\@outlinefile=\write7
\openout7 = `Text.out'.

LaTeX Font Info:    Trying to load font information for U+msa on input line 97.


(/opt/homebrew/Cellar/texlive/20260301/share/texmf-dist/tex/latex/amsfonts/umsa
.fd
File: umsa.fd 2013/01/14 v3.01 AMS symbols A
)
LaTeX Font Info:    Trying to load font information for U+msb on input line 97.


(/opt/homebrew/Cellar/texlive/20260301/share/texmf-dist/tex/latex/amsfonts/umsb
.fd
File: umsb.fd 2013/01/14 v3.01 AMS symbols B
)
LaTeX Font Info:    Trying to load font information for U+stmry on input line 9
7.

(/opt/homebrew/Cellar/texlive/20260301/share/texmf-dist/tex/latex/stmaryrd/Ustm
ry.fd)
LaTeX Font Info:    Trying to load font information for U+cmllr on input line 9
7.

(/opt/homebrew/Cellar/texlive/20260301/share/texmf-dist/tex/latex/cmll/ucmllr.f
d)
Package xypdf Info: Line width: 0.39998pt on input line 97.
 (./Text.toc)
\tf@toc=\write8
\openout8 = `Text.toc'.

 [1

{/opt/homebrew/Cellar/texlive/20260301/share/texmf-dist/fonts/map/pdftex/updmap
/pdftex.map}{/opt/homebrew/Cellar/texlive/20260301/share/texmf-dist/fonts/enc/d
vips/cm-super/cm-super-ts1.enc}]
<mult.png, id=64, 335.2525pt x 341.275pt>
File: mult.png Graphic file (type png)
<use mult.png>
Package pdftex.def Info: mult.png  used on input line 138.
(pdftex.def)             Requested size: 83.81291pt x 85.31853pt.
<comult.png, id=66, 359.3425pt x 375.4025pt>
File: comult.png Graphic file (type png)
<use comult.png>
Package pdftex.def Info: comult.png  used on input line 145.
(pdftex.def)             Requested size: 89.8354pt x 93.85039pt.
<unit-counit.png, id=67, 464.73625pt x 206.7725pt>
File: unit-counit.png Graphic file (type png)
<use unit-counit.png>
Package pdftex.def Info: unit-counit.png  used on input line 150.
(pdftex.def)             Requested size: 116.18378pt x 51.693pt.
<frobenius-axiom.png, id=68, 1135.24126pt x 400.49625pt>
File: frobenius-axiom.png Graphic file (type png)
<use frobenius-axiom.png>
Package pdftex.def Info: frobenius-axiom.png  used on input line 155.
(pdftex.def)             Requested size: 397.3404pt x 140.17578pt.

Overfull \hbox (52.3404pt too wide) in paragraph at lines 155--156
 [] 
 []

[2 <./mult.png> <./comult.png> <./unit-counit.png>]
Overfull \hbox (7.55519pt too wide) in paragraph at lines 158--159
[]\OT1/cmr/m/n/10 A Frobe-nius monoid is com-mu-ta-tive (co-com-mu-ta-tive) if 
its monoid (comonoid)
 []

<blue-red-1.png, id=78, 958.58125pt x 332.24126pt>
File: blue-red-1.png Graphic file (type png)
<use blue-red-1.png>
Package pdftex.def Info: blue-red-1.png  used on input line 177.
(pdftex.def)             Requested size: 383.4257pt x 132.89413pt.

Overfull \hbox (38.4257pt too wide) in paragraph at lines 177--178
 [] 
 []

[3 <./frobenius-axiom.png> <./blue-red-1.png>]
<blue-red-2.png, id=87, 945.5325pt x 350.30875pt>
File: blue-red-2.png Graphic file (type png)
<use blue-red-2.png>
Package pdftex.def Info: blue-red-2.png  used on input line 188.
(pdftex.def)             Requested size: 378.2063pt x 140.12102pt.

Overfull \hbox (33.2063pt too wide) in paragraph at lines 188--189
 [] 
 []

<blue-red-3.png, id=88, 964.60374pt x 344.28625pt>
File: blue-red-3.png Graphic file (type png)
<use blue-red-3.png>
Package pdftex.def Info: blue-red-3.png  used on input line 199.
(pdftex.def)             Requested size: 385.83466pt x 137.71205pt.

Overfull \hbox (40.83466pt too wide) in paragraph at lines 199--200
 [] 
 []

[4 <./blue-red-2.png> <./blue-red-3.png>]
<blue-red-4.png, id=95, 799.98875pt x 261.97874pt>
File: blue-red-4.png Graphic file (type png)
<use blue-red-4.png>
Package pdftex.def Info: blue-red-4.png  used on input line 214.
(pdftex.def)             Requested size: 399.9934pt x 130.98904pt.

Overfull \hbox (54.9934pt too wide) in paragraph at lines 214--215
 [] 
 []

<blue-red-5.png, id=96, 1036.87375pt x 432.61626pt>
File: blue-red-5.png Graphic file (type png)
<use blue-red-5.png>
Package pdftex.def Info: blue-red-5.png  used on input line 229.
(pdftex.def)             Requested size: 362.91124pt x 151.41795pt.

Overfull \hbox (17.91124pt too wide) in paragraph at lines 229--230
 [] 
 []

<blue-red-6.png, id=97, 901.3675pt x 380.42125pt>
File: blue-red-6.png Graphic file (type png)
<use blue-red-6.png>
Package pdftex.def Info: blue-red-6.png  used on input line 234.
(pdftex.def)             Requested size: 405.61162pt x 171.18797pt.

Overfull \hbox (60.61162pt too wide) in paragraph at lines 234--235
 [] 
 []

[5 <./blue-red-4.png> <./blue-red-5.png>]
<blue-red-7.png, id=105, 825.0825pt x 558.085pt>
File: blue-red-7.png Graphic file (type png)
<use blue-red-7.png>
Package pdftex.def Info: blue-red-7.png  used on input line 240.
(pdftex.def)             Requested size: 206.27011pt x 139.5209pt.
<blue-red-8.png, id=106, 1000.73875pt x 290.08376pt>
File: blue-red-8.png Graphic file (type png)
<use blue-red-8.png>
Package pdftex.def Info: blue-red-8.png  used on input line 259.
(pdftex.def)             Requested size: 450.3283pt x 130.53647pt.

Overfull \hbox (105.3283pt too wide) in paragraph at lines 259--260
 [] 
 []

[6 <./blue-red-6.png> <./blue-red-7.png>]
Overfull \hbox (7.53983pt too wide) in paragraph at lines 262--267
[]$\OML/cmm/m/it/10 B$ \OT1/cmr/m/n/10 in-her-its the comonoid struc-ture $(\OM
L/cmm/m/it/10 B; d; u\OT1/cmr/m/n/10 )$ from the monoid struc-ture $(\OML/cmm/m
/it/10 A; m; e\OT1/cmr/m/n/10 )$
 []

<blue-red-9.png, id=114, 397.485pt x 430.60875pt>
File: blue-red-9.png Graphic file (type png)
<use blue-red-9.png>
Package pdftex.def Info: blue-red-9.png  used on input line 271.
(pdftex.def)             Requested size: 139.12183pt x 150.7153pt.
<blue-red-10.png, id=115, 835.12pt x 312.16624pt>
File: blue-red-10.png Graphic file (type png)
<use blue-red-10.png>
Package pdftex.def Info: blue-red-10.png  used on input line 280.
(pdftex.def)             Requested size: 292.29637pt x 109.25981pt.
[7 <./blue-red-8.png> <./blue-red-9.png>]
Overfull \hbox (8.12976pt too wide) detected at line 294
[]
 []


Overfull \hbox (8.12976pt too wide) detected at line 301
[]
 []

<braid-and-twist.png, id=124, 670.505pt x 372.39125pt>
File: braid-and-twist.png Graphic file (type png)
<use braid-and-twist.png>
Package pdftex.def Info: braid-and-twist.png  used on input line 320.
(pdftex.def)             Requested size: 187.74011pt x 104.26883pt.
[8 <./blue-red-10.png>]
<helical-frobenius.png, id=133, 793.96625pt x 415.5525pt>
File: helical-frobenius.png Graphic file (type png)
<use helical-frobenius.png>
Package pdftex.def Info: helical-frobenius.png  used on input line 329.
(pdftex.def)             Requested size: 222.30904pt x 116.3539pt.
<blue-red-11.png, id=134, 929.4725pt x 402.50375pt>
File: blue-red-11.png Graphic file (type png)
<use blue-red-11.png>
Package pdftex.def Info: blue-red-11.png  used on input line 336.
(pdftex.def)             Requested size: 306.72687pt x 132.82664pt.
<blue-red-12.png, id=135, 838.13126pt x 345.29pt>
File: blue-red-12.png Graphic file (type png)
<use blue-red-12.png>
Package pdftex.def Info: blue-red-12.png  used on input line 342.
(pdftex.def)             Requested size: 301.72702pt x 124.30429pt.
 [9 <./braid-and-twist.png> <./helical-frobenius.png> <./blue-red-11.png>]
<blue-red-13.png, id=145, 945.5325pt x 465.74pt>
File: blue-red-13.png Graphic file (type png)
<use blue-red-13.png>
Package pdftex.def Info: blue-red-13.png  used on input line 347.
(pdftex.def)             Requested size: 312.02669pt x 153.69467pt.
<blue-red-14.png, id=146, 317.185pt x 198.7425pt>
File: blue-red-14.png Graphic file (type png)
<use blue-red-14.png>
Package pdftex.def Info: blue-red-14.png  used on input line 353.
(pdftex.def)             Requested size: 104.67136pt x 65.58522pt.
 [10 <./blue-red-12.png> <./blue-red-13.png> <./blue-red-14.png>]
<ribbon.png, id=155, 510.90875pt x 317.185pt>
File: ribbon.png Graphic file (type png)
<use ribbon.png>
Package pdftex.def Info: ribbon.png  used on input line 374.
(pdftex.def)             Requested size: 153.2738pt x 95.15622pt.
<ribbon-2.png, id=156, 572.1375pt x 342.27875pt>
File: ribbon-2.png Graphic file (type png)
<use ribbon-2.png>
Package pdftex.def Info: ribbon-2.png  used on input line 381.
(pdftex.def)             Requested size: 171.64256pt x 102.6844pt.
<blue-red-15.png, id=157, 577.15625pt x 282.05376pt>
File: blue-red-15.png Graphic file (type png)
<use blue-red-15.png>
Package pdftex.def Info: blue-red-15.png  used on input line 386.
(pdftex.def)             Requested size: 173.14821pt x 84.61678pt.
 [11 <./ribbon.png> <./ribbon-2.png> <./blue-red-15.png>]
<blue-red-16.png, id=166, 487.8225pt x 283.0575pt>
File: blue-red-16.png Graphic file (type png)
<use blue-red-16.png>
Package pdftex.def Info: blue-red-16.png  used on input line 417.
(pdftex.def)             Requested size: 170.74043pt x 99.0716pt.
<blue-red-17.png, id=167, 491.8375pt x 555.07375pt>
File: blue-red-17.png Graphic file (type png)
<use blue-red-17.png>
Package pdftex.def Info: blue-red-17.png  used on input line 429.
(pdftex.def)             Requested size: 206.57033pt x 233.12938pt.
 [12 <./blue-red-16.png>]
<blue-red-18.png, id=173, 672.5125pt x 541.02126pt>
File: blue-red-18.png Graphic file (type png)
<use blue-red-18.png>
Package pdftex.def Info: blue-red-18.png  used on input line 434.
(pdftex.def)             Requested size: 248.82573pt x 200.17473pt.
<blue-red-19.png, id=174, 682.55pt x 292.09125pt>
File: blue-red-19.png Graphic file (type png)
<use blue-red-19.png>
Package pdftex.def Info: blue-red-19.png  used on input line 444.
(pdftex.def)             Requested size: 204.76657pt x 87.62804pt.
 [13 <./blue-red-17.png> <./blue-red-18.png>]
<wheel.png, id=183, 542.025pt x 316.18124pt>
File: wheel.png Graphic file (type png)
<use wheel.png>
Package pdftex.def Info: wheel.png  used on input line 481.
(pdftex.def)             Requested size: 162.60875pt x 94.8551pt.
 [14 <./blue-red-19.png> <./wheel.png>]
Overfull \hbox (8.9126pt too wide) detected at line 512
[]
 []


Overfull \hbox (13.50983pt too wide) detected at line 518
[]
 []


Overfull \hbox (13.50983pt too wide) detected at line 524
[]
 []


Overfull \hbox (39.23064pt too wide) detected at line 533
\OMS/cmsy/m/n/10 h\OML/cmm/m/it/10 a [] m \OMS/cmsy/m/n/10 j \OML/cmm/m/it/10 b
\OMS/cmsy/m/n/10 i \OT1/cmr/m/n/10 = \OMS/cmsy/m/n/10 C\OT1/cmr/m/n/10 (\OML/cm
m/m/it/10 a \OMS/cmsy/m/n/10 
 \OML/cmm/m/it/10 m; \OMS/cmsy/m/n/10 ? \U/cmllr/m/n/10 ^^O \OML/cmm/m/it/10 b\
OT1/cmr/m/n/10 ) [] \OMS/cmsy/m/n/10 C\OT1/cmr/m/n/10 (\OML/cmm/m/it/10 a \OMS/
cmsy/m/n/10 
 \OML/cmm/m/it/10 m \OMS/cmsy/m/n/10 
 \OML/cmm/m/it/10 b; \OMS/cmsy/m/n/10 ?\OT1/cmr/m/n/10 ) [] \OMS/cmsy/m/n/10 C\
OT1/cmr/m/n/10 (\OML/cmm/m/it/10 a; \OMS/cmsy/m/n/10 ? \U/cmllr/m/n/10 ^^O \OML
/cmm/m/it/10 m \OMS/cmsy/m/n/10 
 \OML/cmm/m/it/10 b\OT1/cmr/m/n/10 ) = \OMS/cmsy/m/n/10 h\OML/cmm/m/it/10 a\OMS
/cmsy/m/n/10 j\OML/cmm/m/it/10 b [] m[]\OMS/cmsy/m/n/10 i
 []

[15]
<blue-red-20.png, id=199, 642.4pt x 284.06125pt>
File: blue-red-20.png Graphic file (type png)
<use blue-red-20.png>
Package pdftex.def Info: blue-red-20.png  used on input line 588.
(pdftex.def)             Requested size: 256.95544pt x 113.62247pt.
 [16]
<blue-red-21.png, id=205, 1262.7175pt x 306.14375pt>
File: blue-red-21.png Graphic file (type png)
<use blue-red-21.png>
Package pdftex.def Info: blue-red-21.png  used on input line 592.
(pdftex.def)             Requested size: 454.57796pt x 110.21165pt.

Overfull \hbox (109.57796pt too wide) in paragraph at lines 592--593
 [] 
 []

<blue-red-22.png, id=206, 1097.09875pt x 295.1025pt>
File: blue-red-22.png Graphic file (type png)
<use blue-red-22.png>
Package pdftex.def Info: blue-red-22.png  used on input line 597.
(pdftex.def)             Requested size: 438.83173pt x 118.0389pt.

Overfull \hbox (93.83173pt too wide) in paragraph at lines 597--598
 [] 
 []

<frobenius-form-1.png, id=207, 649.42625pt x 356.33125pt>
File: frobenius-form-1.png Graphic file (type png)
<use frobenius-form-1.png>
Package pdftex.def Info: frobenius-form-1.png  used on input line 606.
(pdftex.def)             Requested size: 194.82938pt x 106.90019pt.
[17 <./blue-red-20.png> <./blue-red-21.png> <./blue-red-22.png>]
<frobenius-form-2.png, id=216, 1057.9525pt x 630.355pt>
File: frobenius-form-2.png Graphic file (type png)
<use frobenius-form-2.png>
Package pdftex.def Info: frobenius-form-2.png  used on input line 611.
(pdftex.def)             Requested size: 423.17351pt x 252.13753pt.

Overfull \hbox (78.17351pt too wide) in paragraph at lines 611--612
 [] 
 []

[18 <./frobenius-form-1.png> <./frobenius-form-2.png>]
<blue-red-23.png, id=224, 935.495pt x 306.14375pt>
File: blue-red-23.png Graphic file (type png)
<use blue-red-23.png>
Package pdftex.def Info: blue-red-23.png  used on input line 631.
(pdftex.def)             Requested size: 420.96886pt x 137.7634pt.

Overfull \hbox (75.96886pt too wide) in paragraph at lines 631--632
 [] 
 []

<blue-red-24.png, id=225, 962.59625pt x 615.29875pt>
File: blue-red-24.png Graphic file (type png)
<use blue-red-24.png>
Package pdftex.def Info: blue-red-24.png  used on input line 635.
(pdftex.def)             Requested size: 433.1643pt x 276.88187pt.

Overfull \hbox (88.1643pt too wide) in paragraph at lines 635--636
 [] 
 []

[19 <./blue-red-23.png> <./blue-red-24.png>]
<helical-frobenius-pseudo.png, id=235, 714.67pt x 429.605pt>
File: helical-frobenius-pseudo.png Graphic file (type png)
<use helical-frobenius-pseudo.png>
Package pdftex.def Info: helical-frobenius-pseudo.png  used on input line 646.
(pdftex.def)             Requested size: 250.13824pt x 150.364pt.
<blue-red-25.png, id=236, 1152.305pt x 496.85625pt>
File: blue-red-25.png Graphic file (type png)
<use blue-red-25.png>
Package pdftex.def Info: blue-red-25.png  used on input line 676.
(pdftex.def)             Requested size: 345.69417pt x 149.05801pt.

Overfull \hbox (0.69417pt too wide) in paragraph at lines 676--677
 [] 
 []

[20 <./helical-frobenius-pseudo.png>]
Overfull \hbox (13.25272pt too wide) in paragraph at lines 678--680
\OT1/cmr/m/n/10 establishing a pseu-domonoid equiv-a-lence be-tween $(\OMS/cmsy
/m/n/10 A\OML/cmm/m/it/10 ; []; true\OT1/cmr/m/n/10 )$ and a pseu-domonoid
 []

<blue-red-26.png, id=244, 1250.6725pt x 389.455pt>
File: blue-red-26.png Graphic file (type png)
<use blue-red-26.png>
Package pdftex.def Info: blue-red-26.png  used on input line 684.
(pdftex.def)             Requested size: 375.20465pt x 116.83739pt.

Overfull \hbox (30.20465pt too wide) in paragraph at lines 684--685
 [] 
 []

<blue-red-27.png, id=245, 1135.24126pt x 406.51875pt>
File: blue-red-27.png Graphic file (type png)
<use blue-red-27.png>
Package pdftex.def Info: blue-red-27.png  used on input line 688.
(pdftex.def)             Requested size: 340.575pt x 121.95656pt.
[21 <./blue-red-25.png> <./blue-red-26.png> <./blue-red-27.png>]
<blue-red-28.png, id=254, 949.5475pt x 383.4325pt>
File: blue-red-28.png Graphic file (type png)
<use blue-red-28.png>
Package pdftex.def Info: blue-red-28.png  used on input line 702.
(pdftex.def)             Requested size: 360.8318pt x 145.70586pt.

Overfull \hbox (15.8318pt too wide) in paragraph at lines 702--703
 [] 
 []


Overfull \hbox (2.96696pt too wide) in paragraph at lines 728--731
[]\OT1/cmr/m/n/10 Given an am-phi-monoid $(\OMS/cmsy/m/n/10 A\OML/cmm/m/it/10 ;
 \OMS/cmsy/m/n/10 B\OT1/cmr/m/n/10 )$, whose $\OMS/cmsy/m/n/10 A$\OT1/cmr/m/n/1
0 -side is a Frobe-nius pseu-domonoid
 []

<blue-red-29.png, id=255, 944.52875pt x 374.39874pt>
File: blue-red-29.png Graphic file (type png)
<use blue-red-29.png>
Package pdftex.def Info: blue-red-29.png  used on input line 732.
(pdftex.def)             Requested size: 358.92465pt x 142.273pt.

Overfull \hbox (13.92465pt too wide) in paragraph at lines 732--733
 [] 
 []

[22 <./blue-red-28.png> <./blue-red-29.png>]
Overfull \hbox (68.4627pt too wide) detected at line 746
[]
 []


Overfull \hbox (12.36093pt too wide) in paragraph at lines 748--750
[]\OT1/cmr/m/n/10 Conversely, let $(\OMS/cmsy/m/n/10 A\OML/cmm/m/it/10 ; \OMS/c
msy/m/n/10 B\OML/cmm/m/it/10 ; L; R\OT1/cmr/m/n/10 )$ be a Frobe-nius am-phi-mo
noid in a bal-anced monoidal
 []

<blue-red-30.png, id=263, 933.4875pt x 314.17375pt>
File: blue-red-30.png Graphic file (type png)
<use blue-red-30.png>
Package pdftex.def Info: blue-red-30.png  used on input line 751.
(pdftex.def)             Requested size: 354.72894pt x 119.38725pt.

Overfull \hbox (9.72894pt too wide) in paragraph at lines 751--752
 [] 
 []

<blue-red-31.png, id=264, 792.9625pt x 436.63126pt>
File: blue-red-31.png Graphic file (type png)
<use blue-red-31.png>
Package pdftex.def Info: blue-red-31.png  used on input line 758.
(pdftex.def)             Requested size: 301.32887pt x 165.9216pt.
[23 <./blue-red-30.png> <./blue-red-31.png>]
<blue-red-32.png, id=271, 850.17625pt x 380.42125pt>
File: blue-red-32.png Graphic file (type png)
<use blue-red-32.png>
Package pdftex.def Info: blue-red-32.png  used on input line 775.
(pdftex.def)             Requested size: 323.07033pt x 144.56157pt.
<blue-red-33.png, id=272, 1062.97125pt x 382.42876pt>
File: blue-red-33.png Graphic file (type png)
<use blue-red-33.png>
Package pdftex.def Info: blue-red-33.png  used on input line 784.
(pdftex.def)             Requested size: 372.04552pt x 133.85207pt.

Overfull \hbox (27.04552pt too wide) in paragraph at lines 784--785
 [] 
 []

[24 <./blue-red-32.png> <./blue-red-33.png>]
<cut-axiom.png, id=282, 690.58pt x 607.26875pt>
File: cut-axiom.png Graphic file (type png)
<use cut-axiom.png>
Package pdftex.def Info: cut-axiom.png  used on input line 813.
(pdftex.def)             Requested size: 241.70662pt x 212.54724pt.
<smol-example.png, id=283, 317.185pt x 423.5825pt>
File: smol-example.png Graphic file (type png)
<use smol-example.png>
Package pdftex.def Info: smol-example.png  used on input line 822.
(pdftex.def)             Requested size: 111.0164pt x 148.25609pt.
 [25 <./cut-axiom.png>]
<cut-axiom-1.png, id=291, 1064.97874pt x 386.44376pt>
File: cut-axiom-1.png Graphic file (type png)
<use cut-axiom-1.png>
Package pdftex.def Info: cut-axiom-1.png  used on input line 847.
(pdftex.def)             Requested size: 372.74814pt x 135.25734pt.

Overfull \hbox (27.74814pt too wide) in paragraph at lines 847--848
 [] 
 []

[26 <./smol-example.png>]
Overfull \hbox (34.2513pt too wide) in paragraph at lines 882--885
\OT1/cmr/m/n/10 By the def-i-ni-tion, the mor-phism $[] : \OML/cmm/m/it/10 I \O
MS/cmsy/m/n/10 ! \OML/cmm/m/it/10  \OMS/cmsy/m/n/10 
 \OML/cmm/m/it/10 []$ \OT1/cmr/m/n/10 of the cat-e-gory $[](\OMS/cmsy/m/n/10 X
\OT1/cmr/m/n/10 )$
 []

<alpha-morphism.png, id=297, 315.1775pt x 269.005pt>
File: alpha-morphism.png Graphic file (type png)
<use alpha-morphism.png>
Package pdftex.def Info: alpha-morphism.png  used on input line 886.
(pdftex.def)             Requested size: 110.31377pt x 94.15315pt.
[27 <./cut-axiom-1.png>]
\myBox1=\box135
\myScoreStart1=\dimen347
\myCenter1=\dimen348
\myScoreEnd1=\dimen349
\myBox2=\box136
\myScoreStart2=\dimen350
\myCenter2=\dimen351
\myScoreEnd2=\dimen352
 [28 <./alpha-morphism.png>]
Overfull \hbox (3.86185pt too wide) in paragraph at lines 944--947
[]\OT1/cmr/m/n/10 Morphisms: ori-ented rib-bon tan-gles mod-ulo topo-log-i-cal 
de-for-ma-tion, where
 []

<ribbon-morphism.png, id=309, 520.94624pt x 568.1225pt>
File: ribbon-morphism.png Graphic file (type png)
<use ribbon-morphism.png>
Package pdftex.def Info: ribbon-morphism.png  used on input line 950.
(pdftex.def)             Requested size: 130.23624pt x 142.03027pt.
<trefoils.png, id=310, 700.6175pt x 278.03876pt>
File: trefoils.png Graphic file (type png)
<use trefoils.png>
Package pdftex.def Info: trefoils.png  used on input line 969.
(pdftex.def)             Requested size: 196.17155pt x 77.85031pt.
[29 <./ribbon-morphism.png> <./trefoils.png>] [30]
<twisted-ribbons.png, id=321, 462.72874pt x 425.59pt>
File: twisted-ribbons.png Graphic file (type png)
<use twisted-ribbons.png>
Package pdftex.def Info: twisted-ribbons.png  used on input line 1059.
(pdftex.def)             Requested size: 115.6819pt x 106.39723pt.
 [31]
<twisted-ribbons-2.png, id=331, 448.67625pt x 656.4525pt>
File: twisted-ribbons-2.png Graphic file (type png)
<use twisted-ribbons-2.png>
Package pdftex.def Info: twisted-ribbons-2.png  used on input line 1063.
(pdftex.def)             Requested size: 112.16878pt x 164.11272pt.
 [32 <./twisted-ribbons.png> <./twisted-ribbons-2.png>]
Overfull \hbox (12.0pt too wide) in paragraph at lines 1167--1200
[][] 
 []


Overfull \hbox (4.44443pt too wide) in paragraph at lines 1134--1201
[] []$[]$ $[]$ 
 []

[33] [34
pdfTeX warning (ext4): destination with the same identifier (name{figure.1}) ha
s been already used, duplicate ignored
<argument> ...shipout:D \box_use:N \l_shipout_box 
                                                  \__shipout_drop_firstpage_...
l.1287 \end{prooftree}
                      ] [35] (./Text.bbl) [36]
runsystem(latexminted cleantemp  --timestamp 20260408125509 9DFFBF69FFBA8BC38BC
4E01ABF4B1675)...executed.

 (./Text.aux)
 ***********
LaTeX2e <2025-11-01>
L3 programming layer <2026-01-19>
 ***********
Package rerunfilecheck Info: File `Text.out' has not changed.
(rerunfilecheck)             Checksum: B637D112AC1D21DC57C345ECD14632EE;1776.
 ) 
Here is how much of TeX's memory you used:
 31296 strings out of 467525
 632229 string characters out of 5408440
 1176054 words of memory out of 5000000
 59598 multiletter control sequences out of 15000+600000
 639520 words of font info for 95 fonts, out of 8000000 for 9000
 1141 hyphenation exceptions out of 8191
 83i,25n,104p,3235b,1105s stack positions out of 10000i,1000n,20000p,200000b,200000s
</opt/homebrew/Cellar/texlive/20260301/share/texmf-dist/fonts/type1/public/am
sfonts/cm/cmbx10.pfb></opt/homebrew/Cellar/texlive/20260301/share/texmf-dist/fo
nts/type1/public/amsfonts/cm/cmbx12.pfb></opt/homebrew/Cellar/texlive/20260301/
share/texmf-dist/fonts/type1/public/amsfonts/cm/cmbx7.pfb></opt/homebrew/Cellar
/texlive/20260301/share/texmf-dist/fonts/type1/public/cmll/cmllr10.pfb></opt/ho
mebrew/Cellar/texlive/20260301/share/texmf-dist/fonts/type1/public/amsfonts/cm/
cmmi10.pfb></opt/homebrew/Cellar/texlive/20260301/share/texmf-dist/fonts/type1/
public/amsfonts/cm/cmmi5.pfb></opt/homebrew/Cellar/texlive/20260301/share/texmf
-dist/fonts/type1/public/amsfonts/cm/cmmi7.pfb></opt/homebrew/Cellar/texlive/20
260301/share/texmf-dist/fonts/type1/public/amsfonts/cm/cmr10.pfb></opt/homebrew
/Cellar/texlive/20260301/share/texmf-dist/fonts/type1/public/amsfonts/cm/cmr12.
pfb></opt/homebrew/Cellar/texlive/20260301/share/texmf-dist/fonts/type1/public/
amsfonts/cm/cmr17.pfb></opt/homebrew/Cellar/texlive/20260301/share/texmf-dist/f
onts/type1/public/amsfonts/cm/cmr5.pfb></opt/homebrew/Cellar/texlive/20260301/s
hare/texmf-dist/fonts/type1/public/amsfonts/cm/cmr7.pfb></opt/homebrew/Cellar/t
exlive/20260301/share/texmf-dist/fonts/type1/public/amsfonts/cm/cmsy10.pfb></op
t/homebrew/Cellar/texlive/20260301/share/texmf-dist/fonts/type1/public/amsfonts
/cm/cmsy5.pfb></opt/homebrew/Cellar/texlive/20260301/share/texmf-dist/fonts/typ
e1/public/amsfonts/cm/cmsy7.pfb></opt/homebrew/Cellar/texlive/20260301/share/te
xmf-dist/fonts/type1/public/amsfonts/cm/cmti10.pfb></opt/homebrew/Cellar/texliv
e/20260301/share/texmf-dist/fonts/type1/public/amsfonts/symbols/msam10.pfb></op
t/homebrew/Cellar/texlive/20260301/share/texmf-dist/fonts/type1/public/amsfonts
/symbols/msbm10.pfb></opt/homebrew/Cellar/texlive/20260301/share/texmf-dist/fon
ts/type1/public/cm-super/sfrm1000.pfb>
Output written on Text.pdf (36 pages, 2395010 bytes).
PDF statistics:
 459 PDF objects out of 1000 (max. 8388607)
 274 compressed objects within 3 object streams
 78 named destinations out of 1000 (max. 500000)
 342 words of extra memory for PDF output out of 10000 (max. 10000000)

